     1                                  ; 6*3
     2                                  bits 32 ; assembling for the 32 bits architecture
     3                                  
     4                                  ; declare the EntryPoint (a label defining the very first instruction of the program)
     5                                  global start        
     6                                  
     7                                  ; declare external functions needed by our program
     8                                  extern exit               ; tell nasm that exit exists even if we won't be defining it
     9                                  import exit msvcrt.dll    ; exit is a function that ends the calling process. It is defined in msvcrt.dll
    10                                                            ; msvcrt.dll contains exit, printf and all the other important C-runtime specific functions
    11                                  
    12                                  ; our data is declared here (the variables needed by our program)
    13                                  segment data use32 class=data
    14 00000000 0600                        a dw 6
    15 00000002 0300                        b dw 3
    16                                  
    17                                  ; our code starts here
    18                                  segment code use32 class=code
    19                                      start:
    20                                          
    21 00000000 66A1[00000000]                  mov AX ,[a]
    22 00000006 66F725[02000000]                mul word [b]; DX:AX=a*b;
    23                                          
    24 0000000D 6652                            push DX;
    25 0000000F 6650                            push AX;
    26 00000011 58                              pop EAX; EAX=DX:AX=a*b
    27                                          ; exit(0)
    28 00000012 6A00                            push    dword 0      ; push the parameter for exit onto the stack
    29 00000014 FF15[00000000]                  call    [exit]       ; call exit to terminate the program
